122.179.156.23 - - [13/Jul/2023:10:19:52 +0000] "GET /favicon.ico HTTP/1.1" 200 317 "https://wdoinstitution.com/" "Mozilla/5.0 (Macintosh; Intel Mac OS X 10_15_7) AppleWebKit/537.36 (KHTML, like Gecko) Chrome/114.0.0.0 Safari/537.36"
79.104.53.14 - - [13/Jul/2023:10:19:59 +0000] "GET / HTTP/1.1" 200 16303 "-" "Go-http-client/1.1"
79.104.53.14 - - [13/Jul/2023:10:20:00 +0000] "GET / HTTP/1.1" 301 527 "-" "Go-http-client/1.1"
79.104.53.14 - - [13/Jul/2023:10:20:01 +0000] "GET / HTTP/1.1" 200 11170 "http://wdoinstitution.com" "Go-http-client/1.1"
138.68.133.118 - - [13/Jul/2023:10:20:12 +0000] "GET / HTTP/1.1" 301 546 "-" "-"
178.62.3.65 - - [13/Jul/2023:10:20:12 +0000] "GET / HTTP/1.1" 200 81410 "-" "-"
138.68.133.118 - - [13/Jul/2023:10:20:13 +0000] "GET / HTTP/1.1" 301 546 "-" "Mozilla/5.0 (Linux; Android 6.0; HTC One M9 Build/MRA314326) AppleWebKit/537.36 (KHTML, like Gecko) Chrome/52.0.2928.98 Mobile Safari/537.3"
138.68.133.118 - - [13/Jul/2023:10:20:13 +0000] "GET /.vscode/sftp.json HTTP/1.1" 301 580 "-" "Go-http-client/1.1"
138.68.133.118 - - [13/Jul/2023:10:20:14 +0000] "GET /about HTTP/1.1" 301 556 "-" "Go-http-client/1.1"
138.68.133.118 - - [13/Jul/2023:10:20:14 +0000] "GET /debug/default/view?panel=config HTTP/1.1" 301 608 "-" "Go-http-client/1.1"
138.68.133.118 - - [13/Jul/2023:10:20:14 +0000] "GET /v2/_catalog HTTP/1.1" 301 568 "-" "Go-http-client/1.1"
171.67.70.229 - - [13/Jul/2023:10:20:14 +0000] "GET / HTTP/1.1" 200 15672 "-" "Mozilla/5.0 zgrab/0.x"
138.68.133.118 - - [13/Jul/2023:10:20:14 +0000] "GET /ecp/Current/exporttool/microsoft.exchange.ediscovery.exporttool.application HTTP/1.1" 301 696 "-" "Go-http-client/1.1"
138.68.133.118 - - [13/Jul/2023:10:20:15 +0000] "GET /server-status HTTP/1.1" 301 572 "-" "Go-http-client/1.1"
138.68.133.118 - - [13/Jul/2023:10:20:15 +0000] "GET /login.action HTTP/1.1" 301 570 "-" "Go-http-client/1.1"
138.68.133.118 - - [13/Jul/2023:10:20:15 +0000] "GET /_all_dbs HTTP/1.1" 301 562 "-" "Mozilla/5.0 (l9scan/2.0.830313e2232313e2833313e2437313; +https://leakix.net)"
138.68.133.118 - - [13/Jul/2023:10:20:16 +0000] "GET /.DS_Store HTTP/1.1" 301 564 "-" "Go-http-client/1.1"
138.68.133.118 - - [13/Jul/2023:10:20:16 +0000] "GET /.env HTTP/1.1" 301 554 "-" "Go-http-client/1.1"
138.68.133.118 - - [13/Jul/2023:10:20:16 +0000] "GET /.git/config HTTP/1.1" 301 568 "-" "Go-http-client/1.1"
178.62.3.65 - - [13/Jul/2023:10:20:16 +0000] "GET / HTTP/1.1" 200 81410 "-" "Mozilla/5.0 (Linux; Android 6.0; HTC One M9 Build/MRA314326) AppleWebKit/537.36 (KHTML, like Gecko) Chrome/52.0.2928.98 Mobile Safari/537.3"
138.68.133.118 - - [13/Jul/2023:10:20:17 +0000] "GET /s/830313e2232313e2833313e2437313/_/;/META-INF/maven/com.atlassian.jira/jira-webapp-dist/pom.properties HTTP/1.1" 301 750 "-" "Go-http-client/1.1"
178.62.3.65 - - [13/Jul/2023:10:20:17 +0000] "GET /.vscode/sftp.json HTTP/1.1" 404 7992 "-" "Go-http-client/1.1"
138.68.133.118 - - [13/Jul/2023:10:20:17 +0000] "GET /config.json HTTP/1.1" 301 568 "-" "Go-http-client/1.1"
138.68.133.118 - - [13/Jul/2023:10:20:17 +0000] "GET /telescope/requests HTTP/1.1" 301 582 "-" "Go-http-client/1.1"
178.62.3.65 - - [13/Jul/2023:10:20:17 +0000] "GET /about HTTP/1.1" 404 3403 "-" "Go-http-client/1.1"
170.64.190.167 - - [13/Jul/2023:10:20:18 +0000] "GET / HTTP/1.1" 200 16322 "-" "Mozilla/5.0 (Windows NT 10.0; Win64; x64) AppleWebKit/537.36 (KHTML, like Gecko) Chrome/51.0.2704.79 Safari/537.36 Edge/14.14393"
138.68.133.118 - - [13/Jul/2023:10:20:18 +0000] "GET /?rest_route=/wp/v2/users/ HTTP/1.1" 301 596 "-" "Go-http-client/1.1"
178.62.3.65 - - [13/Jul/2023:10:20:18 +0000] "GET /debug/default/view?panel=config HTTP/1.1" 404 3403 "-" "Go-http-client/1.1"
170.64.190.167 - - [13/Jul/2023:10:20:18 +0000] "GET /.git/HEAD HTTP/1.1" 404 7992 "-" "Mozilla/5.0 (Windows NT 10.0; Win64; x64) AppleWebKit/537.36 (KHTML, like Gecko) Chrome/51.0.2704.79 Safari/537.36 Edge/14.14393"
178.62.3.65 - - [13/Jul/2023:10:20:18 +0000] "GET /v2/_catalog HTTP/1.1" 404 8225 "-" "Go-http-client/1.1"
178.62.3.65 - - [13/Jul/2023:10:20:19 +0000] "GET /ecp/Current/exporttool/microsoft.exchange.ediscovery.exporttool.application HTTP/1.1" 404 3403 "-" "Go-http-client/1.1"
91.213.50.8 - - [13/Jul/2023:10:20:19 +0000] "GET /.git/config HTTP/1.1" 404 7992 "-" "Mozilla/5.0 (iPhone; U; CPU iPhone OS 4_2_1 like Mac OS X; da-dk) AppleWebKit/533.17.9 (KHTML, like Gecko) Version/5.0.2 Mobile/8C148 Safari/6533.18.5"
178.62.3.65 - - [13/Jul/2023:10:20:19 +0000] "GET /server-status HTTP/1.1" 403 1030 "-" "Go-http-client/1.1"
178.62.3.65 - - [13/Jul/2023:10:20:20 +0000] "GET /login.action HTTP/1.1" 404 3403 "-" "Go-http-client/1.1"
178.62.3.65 - - [13/Jul/2023:10:20:20 +0000] "GET /_all_dbs HTTP/1.1" 404 3403 "-" "Mozilla/5.0 (l9scan/2.0.830313e2232313e2833313e2437313; +https://leakix.net)"
178.62.3.65 - - [13/Jul/2023:10:20:21 +0000] "GET /.DS_Store HTTP/1.1" 404 3403 "-" "Go-http-client/1.1"
178.62.3.65 - - [13/Jul/2023:10:20:21 +0000] "GET /.env HTTP/1.1" 404 3403 "-" "Go-http-client/1.1"
178.62.3.65 - - [13/Jul/2023:10:20:22 +0000] "GET /.git/config HTTP/1.1" 404 3403 "-" "Go-http-client/1.1"
178.62.3.65 - - [13/Jul/2023:10:20:22 +0000] "GET /s/830313e2232313e2833313e2437313/_/;/META-INF/maven/com.atlassian.jira/jira-webapp-dist/pom.properties HTTP/1.1" 404 3403 "-" "Go-http-client/1.1"
178.62.3.65 - - [13/Jul/2023:10:20:23 +0000] "GET /config.json HTTP/1.1" 404 3403 "-" "Go-http-client/1.1"
178.62.3.65 - - [13/Jul/2023:10:20:23 +0000] "GET /telescope/requests HTTP/1.1" 404 3403 "-" "Go-http-client/1.1"
178.62.3.65 - - [13/Jul/2023:10:20:24 +0000] "GET /?rest_route=/wp/v2/users/ HTTP/1.1" 200 11733 "-" "Go-http-client/1.1"
171.67.70.229 - - [13/Jul/2023:10:20:25 +0000] "GET / HTTP/1.1" 200 15672 "-" "Mozilla/5.0 zgrab/0.x"
195.74.76.198 - - [13/Jul/2023:10:20:45 +0000] "HEAD / HTTP/1.1" 301 187 "-" "Go-http-client/1.1"
195.74.76.198 - - [13/Jul/2023:10:20:50 +0000] "HEAD / HTTP/1.1" 301 191 "-" "Go-http-client/1.1"
122.179.156.23 - - [13/Jul/2023:10:35:59 +0000] "GET / HTTP/1.1" 200 16407 "-" "Mozilla/5.0 (Macintosh; Intel Mac OS X 10_15_7) AppleWebKit/537.36 (KHTML, like Gecko) Chrome/114.0.0.0 Safari/537.36"
122.179.156.23 - - [13/Jul/2023:10:35:59 +0000] "GET /landingpage/style.css HTTP/1.1" 200 4555 "https://www.wdoinstitution.com/" "Mozilla/5.0 (Macintosh; Intel Mac OS X 10_15_7) AppleWebKit/537.36 (KHTML, like Gecko) Chrome/114.0.0.0 Safari/537.36"
122.179.156.23 - - [13/Jul/2023:10:35:59 +0000] "GET /landingpage/image/wdo-logo01.png HTTP/1.1" 200 1036106 "https://www.wdoinstitution.com/" "Mozilla/5.0 (Macintosh; Intel Mac OS X 10_15_7) AppleWebKit/537.36 (KHTML, like Gecko) Chrome/114.0.0.0 Safari/537.36"
122.179.156.23 - - [13/Jul/2023:10:35:59 +0000] "GET /landingpage/image/ns-2.jpg.svg HTTP/1.1" 200 15495 "https://www.wdoinstitution.com/" "Mozilla/5.0 (Macintosh; Intel Mac OS X 10_15_7) AppleWebKit/537.36 (KHTML, like Gecko) Chrome/114.0.0.0 Safari/537.36"
122.179.156.23 - - [13/Jul/2023:10:35:59 +0000] "GET /landingpage/image/icon%20_arrow%20left_.svg HTTP/1.1" 200 727 "https://www.wdoinstitution.com/" "Mozilla/5.0 (Macintosh; Intel Mac OS X 10_15_7) AppleWebKit/537.36 (KHTML, like Gecko) Chrome/114.0.0.0 Safari/537.36"
122.179.156.23 - - [13/Jul/2023:10:35:59 +0000] "GET /landingpage/image/bank.svg HTTP/1.1" 200 18439 "https://www.wdoinstitution.com/" "Mozilla/5.0 (Macintosh; Intel Mac OS X 10_15_7) AppleWebKit/537.36 (KHTML, like Gecko) Chrome/114.0.0.0 Safari/537.36"
122.179.156.23 - - [13/Jul/2023:10:35:59 +0000] "GET /landingpage/image/icons8-public-50%20(1)%201.svg HTTP/1.1" 200 8236 "https://www.wdoinstitution.com/" "Mozilla/5.0 (Macintosh; Intel Mac OS X 10_15_7) AppleWebKit/537.36 (KHTML, like Gecko) Chrome/114.0.0.0 Safari/537.36"
122.179.156.23 - - [13/Jul/2023:10:35:59 +0000] "GET /landingpage/image/icons8-open-box-80%201-svg%201.svg HTTP/1.1" 200 6412 "https://www.wdoinstitution.com/" "Mozilla/5.0 (Macintosh; Intel Mac OS X 10_15_7) AppleWebKit/537.36 (KHTML, like Gecko) Chrome/114.0.0.0 Safari/537.36"
122.179.156.23 - - [13/Jul/2023:10:35:59 +0000] "GET /landingpage/image/icons8-people-50%20(1)%201.svg HTTP/1.1" 200 7664 "https://www.wdoinstitution.com/" "Mozilla/5.0 (Macintosh; Intel Mac OS X 10_15_7) AppleWebKit/537.36 (KHTML, like Gecko) Chrome/114.0.0.0 Safari/537.36"
122.179.156.23 - - [13/Jul/2023:10:35:59 +0000] "GET /landingpage/image/055-contract-11%20(1).png HTTP/1.1" 200 11477 "https://www.wdoinstitution.com/" "Mozilla/5.0 (Macintosh; Intel Mac OS X 10_15_7) AppleWebKit/537.36 (KHTML, like Gecko) Chrome/114.0.0.0 Safari/537.36"
122.179.156.23 - - [13/Jul/2023:10:35:59 +0000] "GET /landingpage/image/015-answer%20(1).png HTTP/1.1" 200 4862 "https://www.wdoinstitution.com/" "Mozilla/5.0 (Macintosh; Intel Mac OS X 10_15_7) AppleWebKit/537.36 (KHTML, like Gecko) Chrome/114.0.0.0 Safari/537.36"
122.179.156.23 - - [13/Jul/2023:10:35:59 +0000] "GET /landingpage/image/034-ebook%20(1).png HTTP/1.1" 200 3454 "https://www.wdoinstitution.com/" "Mozilla/5.0 (Macintosh; Intel Mac OS X 10_15_7) AppleWebKit/537.36 (KHTML, like Gecko) Chrome/114.0.0.0 Safari/537.36"
122.179.156.23 - - [13/Jul/2023:10:35:59 +0000] "GET /landingpage/image/n-1.jpg.svg HTTP/1.1" 200 95237 "https://www.wdoinstitution.com/" "Mozilla/5.0 (Macintosh; Intel Mac OS X 10_15_7) AppleWebKit/537.36 (KHTML, like Gecko) Chrome/114.0.0.0 Safari/537.36"
122.179.156.23 - - [13/Jul/2023:10:35:59 +0000] "GET /landingpage/image/ns-1.jpg.svg HTTP/1.1" 200 35843 "https://www.wdoinstitution.com/" "Mozilla/5.0 (Macintosh; Intel Mac OS X 10_15_7) AppleWebKit/537.36 (KHTML, like Gecko) Chrome/114.0.0.0 Safari/537.36"
122.179.156.23 - - [13/Jul/2023:10:35:59 +0000] "GET /landingpage/image/user%20(1)%20(1)%201.svg HTTP/1.1" 200 29999 "https://www.wdoinstitution.com/" "Mozilla/5.0 (Macintosh; Intel Mac OS X 10_15_7) AppleWebKit/537.36 (KHTML, like Gecko) Chrome/114.0.0.0 Safari/537.36"
122.179.156.23 - - [13/Jul/2023:10:35:59 +0000] "GET /landingpage/image/ns-3.jpg.svg HTTP/1.1" 200 17297 "https://www.wdoinstitution.com/" "Mozilla/5.0 (Macintosh; Intel Mac OS X 10_15_7) AppleWebKit/537.36 (KHTML, like Gecko) Chrome/114.0.0.0 Safari/537.36"
122.179.156.23 - - [13/Jul/2023:10:36:00 +0000] "GET /landingpage/image/shape.svg HTTP/1.1" 200 33473 "https://www.wdoinstitution.com/" "Mozilla/5.0 (Macintosh; Intel Mac OS X 10_15_7) AppleWebKit/537.36 (KHTML, like Gecko) Chrome/114.0.0.0 Safari/537.36"
122.179.156.23 - - [13/Jul/2023:10:36:00 +0000] "GET /landingpage/image/div.overlay%2001.png HTTP/1.1" 200 507730 "https://www.wdoinstitution.com/" "Mozilla/5.0 (Macintosh; Intel Mac OS X 10_15_7) AppleWebKit/537.36 (KHTML, like Gecko) Chrome/114.0.0.0 Safari/537.36"
122.179.156.23 - - [13/Jul/2023:10:36:00 +0000] "GET /landingpage/image/edu-bg.png HTTP/1.1" 200 1732987 "https://www.wdoinstitution.com/landingpage/style.css" "Mozilla/5.0 (Macintosh; Intel Mac OS X 10_15_7) AppleWebKit/537.36 (KHTML, like Gecko) Chrome/114.0.0.0 Safari/537.36"
104.164.173.142 - - [13/Jul/2023:10:36:40 +0000] "GET / HTTP/1.1" 200 16396 "-" "Mozilla/5.0 (X11; Linux i686) AppleWebKit/535.1 (KHTML, like Gecko) Chrome/14.0.803.0 Safari/535.1"
122.179.156.23 - - [13/Jul/2023:10:36:44 +0000] "GET / HTTP/1.1" 200 16429 "-" "Mozilla/5.0 (Macintosh; Intel Mac OS X 10_15_7) AppleWebKit/537.36 (KHTML, like Gecko) Chrome/114.0.0.0 Safari/537.36"
122.179.156.23 - - [13/Jul/2023:10:36:44 +0000] "GET /landingpage/style.css HTTP/1.1" 200 4555 "https://www.wdoinstitution.com/" "Mozilla/5.0 (Macintosh; Intel Mac OS X 10_15_7) AppleWebKit/537.36 (KHTML, like Gecko) Chrome/114.0.0.0 Safari/537.36"
122.179.156.23 - - [13/Jul/2023:10:36:44 +0000] "GET /landingpage/image/user%20(1)%20(1)%201.svg HTTP/1.1" 200 30575 "https://www.wdoinstitution.com/" "Mozilla/5.0 (Macintosh; Intel Mac OS X 10_15_7) AppleWebKit/537.36 (KHTML, like Gecko) Chrome/114.0.0.0 Safari/537.36"
122.179.156.23 - - [13/Jul/2023:10:36:44 +0000] "GET /landingpage/image/icon%20_arrow%20left_.svg HTTP/1.1" 200 1303 "https://www.wdoinstitution.com/" "Mozilla/5.0 (Macintosh; Intel Mac OS X 10_15_7) AppleWebKit/537.36 (KHTML, like Gecko) Chrome/114.0.0.0 Safari/537.36"
122.179.156.23 - - [13/Jul/2023:10:36:44 +0000] "GET /landingpage/image/bank.svg HTTP/1.1" 200 23642 "https://www.wdoinstitution.com/" "Mozilla/5.0 (Macintosh; Intel Mac OS X 10_15_7) AppleWebKit/537.36 (KHTML, like Gecko) Chrome/114.0.0.0 Safari/537.36"
122.179.156.23 - - [13/Jul/2023:10:36:44 +0000] "GET /landingpage/image/icons8-open-box-80%201-svg%201.svg HTTP/1.1" 200 1807 "https://www.wdoinstitution.com/" "Mozilla/5.0 (Macintosh; Intel Mac OS X 10_15_7) AppleWebKit/537.36 (KHTML, like Gecko) Chrome/114.0.0.0 Safari/537.36"
122.179.156.23 - - [13/Jul/2023:10:36:44 +0000] "GET /landingpage/image/icons8-people-50%20(1)%201.svg HTTP/1.1" 200 7686 "https://www.wdoinstitution.com/" "Mozilla/5.0 (Macintosh; Intel Mac OS X 10_15_7) AppleWebKit/537.36 (KHTML, like Gecko) Chrome/114.0.0.0 Safari/537.36"
122.179.156.23 - - [13/Jul/2023:10:36:44 +0000] "GET /landingpage/image/icons8-public-50%20(1)%201.svg HTTP/1.1" 200 3055 "https://www.wdoinstitution.com/" "Mozilla/5.0 (Macintosh; Intel Mac OS X 10_15_7) AppleWebKit/537.36 (KHTML, like Gecko) Chrome/114.0.0.0 Safari/537.36"
122.179.156.23 - - [13/Jul/2023:10:36:44 +0000] "GET /landingpage/image/055-contract-11%20(1).png HTTP/1.1" 200 6296 "https://www.wdoinstitution.com/" "Mozilla/5.0 (Macintosh; Intel Mac OS X 10_15_7) AppleWebKit/537.36 (KHTML, like Gecko) Chrome/114.0.0.0 Safari/537.36"
122.179.156.23 - - [13/Jul/2023:10:36:44 +0000] "GET /landingpage/image/ns-1.jpg.svg HTTP/1.1" 200 35843 "https://www.wdoinstitution.com/" "Mozilla/5.0 (Macintosh; Intel Mac OS X 10_15_7) AppleWebKit/537.36 (KHTML, like Gecko) Chrome/114.0.0.0 Safari/537.36"
122.179.156.23 - - [13/Jul/2023:10:36:44 +0000] "GET /landingpage/image/n-1.jpg.svg HTTP/1.1" 200 95237 "https://www.wdoinstitution.com/" "Mozilla/5.0 (Macintosh; Intel Mac OS X 10_15_7) AppleWebKit/537.36 (KHTML, like Gecko) Chrome/114.0.0.0 Safari/537.36"
122.179.156.23 - - [13/Jul/2023:10:36:44 +0000] "GET /landingpage/image/034-ebook%20(1).png HTTP/1.1" 200 3454 "https://www.wdoinstitution.com/" "Mozilla/5.0 (Macintosh; Intel Mac OS X 10_15_7) AppleWebKit/537.36 (KHTML, like Gecko) Chrome/114.0.0.0 Safari/537.36"
122.179.156.23 - - [13/Jul/2023:10:36:44 +0000] "GET /landingpage/image/015-answer%20(1).png HTTP/1.1" 200 4862 "https://www.wdoinstitution.com/" "Mozilla/5.0 (Macintosh; Intel Mac OS X 10_15_7) AppleWebKit/537.36 (KHTML, like Gecko) Chrome/114.0.0.0 Safari/537.36"
122.179.156.23 - - [13/Jul/2023:10:36:44 +0000] "GET /landingpage/image/ns-2.jpg.svg HTTP/1.1" 200 15495 "https://www.wdoinstitution.com/" "Mozilla/5.0 (Macintosh; Intel Mac OS X 10_15_7) AppleWebKit/537.36 (KHTML, like Gecko) Chrome/114.0.0.0 Safari/537.36"
122.179.156.23 - - [13/Jul/2023:10:36:44 +0000] "GET /landingpage/image/ns-3.jpg.svg HTTP/1.1" 200 17297 "https://www.wdoinstitution.com/" "Mozilla/5.0 (Macintosh; Intel Mac OS X 10_15_7) AppleWebKit/537.36 (KHTML, like Gecko) Chrome/114.0.0.0 Safari/537.36"
122.179.156.23 - - [13/Jul/2023:10:36:44 +0000] "GET /landingpage/image/wdo-logo01.png HTTP/1.1" 200 1036106 "https://www.wdoinstitution.com/" "Mozilla/5.0 (Macintosh; Intel Mac OS X 10_15_7) AppleWebKit/537.36 (KHTML, like Gecko) Chrome/114.0.0.0 Safari/537.36"
122.179.156.23 - - [13/Jul/2023:10:36:45 +0000] "GET /landingpage/image/shape.svg HTTP/1.1" 200 33473 "https://www.wdoinstitution.com/" "Mozilla/5.0 (Macintosh; Intel Mac OS X 10_15_7) AppleWebKit/537.36 (KHTML, like Gecko) Chrome/114.0.0.0 Safari/537.36"
122.179.156.23 - - [13/Jul/2023:10:36:45 +0000] "GET /landingpage/image/div.overlay%2001.png HTTP/1.1" 200 507730 "https://www.wdoinstitution.com/" "Mozilla/5.0 (Macintosh; Intel Mac OS X 10_15_7) AppleWebKit/537.36 (KHTML, like Gecko) Chrome/114.0.0.0 Safari/537.36"
122.179.156.23 - - [13/Jul/2023:10:36:45 +0000] "GET /landingpage/image/edu-bg.png HTTP/1.1" 200 1732987 "https://www.wdoinstitution.com/landingpage/style.css" "Mozilla/5.0 (Macintosh; Intel Mac OS X 10_15_7) AppleWebKit/537.36 (KHTML, like Gecko) Chrome/114.0.0.0 Safari/537.36"
122.179.156.23 - - [13/Jul/2023:10:36:46 +0000] "GET /favicon.ico HTTP/1.1" 200 317 "https://www.wdoinstitution.com/" "Mozilla/5.0 (Macintosh; Intel Mac OS X 10_15_7) AppleWebKit/537.36 (KHTML, like Gecko) Chrome/114.0.0.0 Safari/537.36"
91.213.50.8 - - [13/Jul/2023:10:37:04 +0000] "GET /.git/config HTTP/1.1" 404 8014 "-" "Mozilla/5.0 (Linux; Android 5.0; SM-G900P Build/LRX21T) AppleWebKit/537.36 (KHTML, like Gecko) Chrome/88.0.4324.96 Mobile Safari/537.36"
122.179.156.23 - - [13/Jul/2023:10:37:11 +0000] "GET / HTTP/1.1" 200 11802 "-" "Mozilla/5.0 (Macintosh; Intel Mac OS X 10_15_7) AppleWebKit/537.36 (KHTML, like Gecko) Chrome/114.0.0.0 Safari/537.36"
171.67.70.229 - - [13/Jul/2023:10:37:14 +0000] "GET / HTTP/1.1" 200 15695 "-" "Mozilla/5.0 zgrab/0.x"
122.179.156.23 - - [13/Jul/2023:10:37:14 +0000] "GET / HTTP/1.1" 200 11226 "-" "Mozilla/5.0 (Macintosh; Intel Mac OS X 10_15_7) AppleWebKit/537.36 (KHTML, like Gecko) Chrome/114.0.0.0 Safari/537.36"
171.67.70.229 - - [13/Jul/2023:10:37:15 +0000] "GET / HTTP/1.1" 200 15694 "-" "Mozilla/5.0 zgrab/0.x"
122.179.156.23 - - [13/Jul/2023:10:37:15 +0000] "GET / HTTP/1.1" 200 11226 "-" "Mozilla/5.0 (Macintosh; Intel Mac OS X 10_15_7) AppleWebKit/537.36 (KHTML, like Gecko) Chrome/114.0.0.0 Safari/537.36"
122.179.156.23 - - [13/Jul/2023:10:37:15 +0000] "GET / HTTP/1.1" 200 11226 "-" "Mozilla/5.0 (Macintosh; Intel Mac OS X 10_15_7) AppleWebKit/537.36 (KHTML, like Gecko) Chrome/114.0.0.0 Safari/537.36"
122.179.156.23 - - [13/Jul/2023:10:37:16 +0000] "GET / HTTP/1.1" 200 11226 "-" "Mozilla/5.0 (Macintosh; Intel Mac OS X 10_15_7) AppleWebKit/537.36 (KHTML, like Gecko) Chrome/114.0.0.0 Safari/537.36"
122.179.156.23 - - [13/Jul/2023:10:37:16 +0000] "GET / HTTP/1.1" 200 11226 "-" "Mozilla/5.0 (Macintosh; Intel Mac OS X 10_15_7) AppleWebKit/537.36 (KHTML, like Gecko) Chrome/114.0.0.0 Safari/537.36"
122.179.156.23 - - [13/Jul/2023:10:37:48 +0000] "GET / HTTP/1.1" 200 11802 "-" "Mozilla/5.0 (Macintosh; Intel Mac OS X 10_15_7) AppleWebKit/537.36 (KHTML, like Gecko) Chrome/114.0.0.0 Safari/537.36"
122.179.156.23 - - [13/Jul/2023:10:37:49 +0000] "GET / HTTP/1.1" 200 11226 "-" "Mozilla/5.0 (Macintosh; Intel Mac OS X 10_15_7) AppleWebKit/537.36 (KHTML, like Gecko) Chrome/114.0.0.0 Safari/537.36"
122.179.156.23 - - [13/Jul/2023:10:37:49 +0000] "GET /landingpage/style.css HTTP/1.1" 200 4555 "https://www.wdoinstitution.com/" "Mozilla/5.0 (Macintosh; Intel Mac OS X 10_15_7) AppleWebKit/537.36 (KHTML, like Gecko) Chrome/114.0.0.0 Safari/537.36"
122.179.156.23 - - [13/Jul/2023:10:37:49 +0000] "GET / HTTP/1.1" 200 11226 "-" "Mozilla/5.0 (Macintosh; Intel Mac OS X 10_15_7) AppleWebKit/537.36 (KHTML, like Gecko) Chrome/114.0.0.0 Safari/537.36"
122.179.156.23 - - [13/Jul/2023:10:37:49 +0000] "GET /landingpage/image/user%20(1)%20(1)%201.svg HTTP/1.1" 200 29999 "https://www.wdoinstitution.com/" "Mozilla/5.0 (Macintosh; Intel Mac OS X 10_15_7) AppleWebKit/537.36 (KHTML, like Gecko) Chrome/114.0.0.0 Safari/537.36"
122.179.156.23 - - [13/Jul/2023:10:37:49 +0000] "GET /landingpage/image/wdo-logo01.png HTTP/1.1" 200 141975 "https://www.wdoinstitution.com/" "Mozilla/5.0 (Macintosh; Intel Mac OS X 10_15_7) AppleWebKit/537.36 (KHTML, like Gecko) Chrome/114.0.0.0 Safari/537.36"
170.64.190.167 - - [13/Jul/2023:10:37:49 +0000] "GET / HTTP/1.1" 200 16345 "-" "Mozilla/5.0 (Windows NT 10.0; Win64; x64) AppleWebKit/537.36 (KHTML, like Gecko) Chrome/52.0.2743.116 Safari/537.36 Edge/15.15063"
122.179.156.23 - - [13/Jul/2023:10:37:49 +0000] "GET /landingpage/style.css HTTP/1.1" 200 5131 "https://www.wdoinstitution.com/" "Mozilla/5.0 (Macintosh; Intel Mac OS X 10_15_7) AppleWebKit/537.36 (KHTML, like Gecko) Chrome/114.0.0.0 Safari/537.36"
122.179.156.23 - - [13/Jul/2023:10:37:50 +0000] "GET / HTTP/1.1" 200 16429 "-" "Mozilla/5.0 (Macintosh; Intel Mac OS X 10_15_7) AppleWebKit/537.36 (KHTML, like Gecko) Chrome/114.0.0.0 Safari/537.36"
122.179.156.23 - - [13/Jul/2023:10:37:50 +0000] "GET /landingpage/style.css HTTP/1.1" 200 4555 "https://www.wdoinstitution.com/" "Mozilla/5.0 (Macintosh; Intel Mac OS X 10_15_7) AppleWebKit/537.36 (KHTML, like Gecko) Chrome/114.0.0.0 Safari/537.36"
122.179.156.23 - - [13/Jul/2023:10:37:50 +0000] "GET / HTTP/1.1" 200 11226 "-" "Mozilla/5.0 (Macintosh; Intel Mac OS X 10_15_7) AppleWebKit/537.36 (KHTML, like Gecko) Chrome/114.0.0.0 Safari/537.36"
122.179.156.23 - - [13/Jul/2023:10:37:50 +0000] "GET /landingpage/style.css HTTP/1.1" 200 4555 "https://www.wdoinstitution.com/" "Mozilla/5.0 (Macintosh; Intel Mac OS X 10_15_7) AppleWebKit/537.36 (KHTML, like Gecko) Chrome/114.0.0.0 Safari/537.36"
122.179.156.23 - - [13/Jul/2023:10:37:50 +0000] "GET / HTTP/1.1" 200 11226 "-" "Mozilla/5.0 (Macintosh; Intel Mac OS X 10_15_7) AppleWebKit/537.36 (KHTML, like Gecko) Chrome/114.0.0.0 Safari/537.36"
122.179.156.23 - - [13/Jul/2023:10:37:50 +0000] "GET /landingpage/image/icon%20_arrow%20left_.svg HTTP/1.1" 200 5930 "https://www.wdoinstitution.com/" "Mozilla/5.0 (Macintosh; Intel Mac OS X 10_15_7) AppleWebKit/537.36 (KHTML, like Gecko) Chrome/114.0.0.0 Safari/537.36"
122.179.156.23 - - [13/Jul/2023:10:37:50 +0000] "GET /landingpage/image/user%20(1)%20(1)%201.svg HTTP/1.1" 200 35202 "https://www.wdoinstitution.com/" "Mozilla/5.0 (Macintosh; Intel Mac OS X 10_15_7) AppleWebKit/537.36 (KHTML, like Gecko) Chrome/114.0.0.0 Safari/537.36"
122.179.156.23 - - [13/Jul/2023:10:37:50 +0000] "GET /landingpage/image/bank.svg HTTP/1.1" 200 19015 "https://www.wdoinstitution.com/" "Mozilla/5.0 (Macintosh; Intel Mac OS X 10_15_7) AppleWebKit/537.36 (KHTML, like Gecko) Chrome/114.0.0.0 Safari/537.36"
170.64.190.167 - - [13/Jul/2023:10:37:50 +0000] "GET /.git/HEAD HTTP/1.1" 404 8014 "-" "Mozilla/5.0 (Windows NT 6.3; Win64; x64) AppleWebKit/537.36 (KHTML, like Gecko) Chrome/60.0.3112.113 Safari/537.36"
122.179.156.23 - - [13/Jul/2023:10:37:50 +0000] "GET /landingpage/image/icons8-open-box-80%201-svg%201.svg HTTP/1.1" 200 1231 "https://www.wdoinstitution.com/" "Mozilla/5.0 (Macintosh; Intel Mac OS X 10_15_7) AppleWebKit/537.36 (KHTML, like Gecko) Chrome/114.0.0.0 Safari/537.36"
122.179.156.23 - - [13/Jul/2023:10:37:50 +0000] "GET /landingpage/image/wdo-logo01.png HTTP/1.1" 200 153918 "https://www.wdoinstitution.com/" "Mozilla/5.0 (Macintosh; Intel Mac OS X 10_15_7) AppleWebKit/537.36 (KHTML, like Gecko) Chrome/114.0.0.0 Safari/537.36"
122.179.156.23 - - [13/Jul/2023:10:37:50 +0000] "GET /landingpage/style.css HTTP/1.1" 200 5131 "https://www.wdoinstitution.com/" "Mozilla/5.0 (Macintosh; Intel Mac OS X 10_15_7) AppleWebKit/537.36 (KHTML, like Gecko) Chrome/114.0.0.0 Safari/537.36"
122.179.156.23 - - [13/Jul/2023:10:37:50 +0000] "GET /landingpage/image/user%20(1)%20(1)%201.svg HTTP/1.1" 200 30575 "https://www.wdoinstitution.com/" "Mozilla/5.0 (Macintosh; Intel Mac OS X 10_15_7) AppleWebKit/537.36 (KHTML, like Gecko) Chrome/114.0.0.0 Safari/537.36"
122.179.156.23 - - [13/Jul/2023:10:37:50 +0000] "GET /landingpage/image/icon%20_arrow%20left_.svg HTTP/1.1" 200 5930 "https://www.wdoinstitution.com/" "Mozilla/5.0 (Macintosh; Intel Mac OS X 10_15_7) AppleWebKit/537.36 (KHTML, like Gecko) Chrome/114.0.0.0 Safari/537.36"
122.179.156.23 - - [13/Jul/2023:10:37:50 +0000] "GET /landingpage/image/bank.svg HTTP/1.1" 200 23642 "https://www.wdoinstitution.com/" "Mozilla/5.0 (Macintosh; Intel Mac OS X 10_15_7) AppleWebKit/537.36 (KHTML, like Gecko) Chrome/114.0.0.0 Safari/537.36"
122.179.156.23 - - [13/Jul/2023:10:37:50 +0000] "GET /landingpage/image/icons8-public-50%20(1)%201.svg HTTP/1.1" 200 3055 "https://www.wdoinstitution.com/" "Mozilla/5.0 (Macintosh; Intel Mac OS X 10_15_7) AppleWebKit/537.36 (KHTML, like Gecko) Chrome/114.0.0.0 Safari/537.36"
122.179.156.23 - - [13/Jul/2023:10:37:50 +0000] "GET /landingpage/image/icons8-people-50%20(1)%201.svg HTTP/1.1" 200 2483 "https://www.wdoinstitution.com/" "Mozilla/5.0 (Macintosh; Intel Mac OS X 10_15_7) AppleWebKit/537.36 (KHTML, like Gecko) Chrome/114.0.0.0 Safari/537.36"
122.179.156.23 - - [13/Jul/2023:10:37:50 +0000] "GET /landingpage/image/icons8-open-box-80%201-svg%201.svg HTTP/1.1" 200 1807 "https://www.wdoinstitution.com/" "Mozilla/5.0 (Macintosh; Intel Mac OS X 10_15_7) AppleWebKit/537.36 (KHTML, like Gecko) Chrome/114.0.0.0 Safari/537.36"
122.179.156.23 - - [13/Jul/2023:10:37:50 +0000] "GET /landingpage/image/055-contract-11%20(1).png HTTP/1.1" 200 6296 "https://www.wdoinstitution.com/" "Mozilla/5.0 (Macintosh; Intel Mac OS X 10_15_7) AppleWebKit/537.36 (KHTML, like Gecko) Chrome/114.0.0.0 Safari/537.36"
122.179.156.23 - - [13/Jul/2023:10:37:50 +0000] "GET /landingpage/image/015-answer%20(1).png HTTP/1.1" 200 4862 "https://www.wdoinstitution.com/" "Mozilla/5.0 (Macintosh; Intel Mac OS X 10_15_7) AppleWebKit/537.36 (KHTML, like Gecko) Chrome/114.0.0.0 Safari/537.36"
122.179.156.23 - - [13/Jul/2023:10:37:50 +0000] "GET /landingpage/image/034-ebook%20(1).png HTTP/1.1" 200 3454 "https://www.wdoinstitution.com/" "Mozilla/5.0 (Macintosh; Intel Mac OS X 10_15_7) AppleWebKit/537.36 (KHTML, like Gecko) Chrome/114.0.0.0 Safari/537.36"
122.179.156.23 - - [13/Jul/2023:10:37:50 +0000] "GET /landingpage/image/n-1.jpg.svg HTTP/1.1" 200 95237 "https://www.wdoinstitution.com/" "Mozilla/5.0 (Macintosh; Intel Mac OS X 10_15_7) AppleWebKit/537.36 (KHTML, like Gecko) Chrome/114.0.0.0 Safari/537.36"
122.179.156.23 - - [13/Jul/2023:10:37:50 +0000] "GET /landingpage/image/ns-1.jpg.svg HTTP/1.1" 200 35843 "https://www.wdoinstitution.com/" "Mozilla/5.0 (Macintosh; Intel Mac OS X 10_15_7) AppleWebKit/537.36 (KHTML, like Gecko) Chrome/114.0.0.0 Safari/537.36"
122.179.156.23 - - [13/Jul/2023:10:37:50 +0000] "GET /landingpage/image/ns-2.jpg.svg HTTP/1.1" 200 15495 "https://www.wdoinstitution.com/" "Mozilla/5.0 (Macintosh; Intel Mac OS X 10_15_7) AppleWebKit/537.36 (KHTML, like Gecko) Chrome/114.0.0.0 Safari/537.36"
122.179.156.23 - - [13/Jul/2023:10:37:50 +0000] "GET /landingpage/image/ns-3.jpg.svg HTTP/1.1" 200 17297 "https://www.wdoinstitution.com/" "Mozilla/5.0 (Macintosh; Intel Mac OS X 10_15_7) AppleWebKit/537.36 (KHTML, like Gecko) Chrome/114.0.0.0 Safari/537.36"
122.179.156.23 - - [13/Jul/2023:10:37:50 +0000] "GET /landingpage/image/wdo-logo01.png HTTP/1.1" 200 1036106 "https://www.wdoinstitution.com/" "Mozilla/5.0 (Macintosh; Intel Mac OS X 10_15_7) AppleWebKit/537.36 (KHTML, like Gecko) Chrome/114.0.0.0 Safari/537.36"
122.179.156.23 - - [13/Jul/2023:10:37:50 +0000] "GET /landingpage/image/shape.svg HTTP/1.1" 200 33473 "https://www.wdoinstitution.com/" "Mozilla/5.0 (Macintosh; Intel Mac OS X 10_15_7) AppleWebKit/537.36 (KHTML, like Gecko) Chrome/114.0.0.0 Safari/537.36"
122.179.156.23 - - [13/Jul/2023:10:37:51 +0000] "GET /landingpage/image/div.overlay%2001.png HTTP/1.1" 200 507730 "https://www.wdoinstitution.com/" "Mozilla/5.0 (Macintosh; Intel Mac OS X 10_15_7) AppleWebKit/537.36 (KHTML, like Gecko) Chrome/114.0.0.0 Safari/537.36"
122.179.156.23 - - [13/Jul/2023:10:37:50 +0000] "GET /landingpage/image/edu-bg.png HTTP/1.1" 200 1732987 "https://www.wdoinstitution.com/landingpage/style.css" "Mozilla/5.0 (Macintosh; Intel Mac OS X 10_15_7) AppleWebKit/537.36 (KHTML, like Gecko) Chrome/114.0.0.0 Safari/537.36"
122.179.156.23 - - [13/Jul/2023:10:37:52 +0000] "GET /favicon.ico HTTP/1.1" 200 317 "https://www.wdoinstitution.com/" "Mozilla/5.0 (Macintosh; Intel Mac OS X 10_15_7) AppleWebKit/537.36 (KHTML, like Gecko) Chrome/114.0.0.0 Safari/537.36"
122.179.156.23 - - [13/Jul/2023:10:37:54 +0000] "GET / HTTP/1.1" 200 11226 "-" "Mozilla/5.0 (Macintosh; Intel Mac OS X 10_15_7) AppleWebKit/537.36 (KHTML, like Gecko) Chrome/114.0.0.0 Safari/537.36"
51.81.167.146 - - [13/Jul/2023:10:38:04 +0000] "GET / HTTP/1.1" 301 539 "-" "Mozilla/5.0 (iPhone; CPU iPhone OS 15_1_1 like Mac OS X) AppleWebKit/605.1.15 (KHTML, like Gecko) Version/15.1 Mobile/15E148 Safari/604.1"
122.179.156.23 - - [13/Jul/2023:10:38:04 +0000] "GET / HTTP/1.1" 200 16429 "-" "Mozilla/5.0 (iPhone; CPU iPhone OS 15_4_1 like Mac OS X) AppleWebKit/605.1.15 (KHTML, like Gecko) Version/15.4 Mobile/15E148 Safari/604.1"
122.179.156.23 - - [13/Jul/2023:10:38:04 +0000] "GET /landingpage/style.css HTTP/1.1" 200 4555 "https://www.wdoinstitution.com/" "Mozilla/5.0 (iPhone; CPU iPhone OS 15_4_1 like Mac OS X) AppleWebKit/605.1.15 (KHTML, like Gecko) Version/15.4 Mobile/15E148 Safari/604.1"
122.179.156.23 - - [13/Jul/2023:10:38:04 +0000] "GET /landingpage/image/user%20(1)%20(1)%201.svg HTTP/1.1" 200 29999 "https://www.wdoinstitution.com/" "Mozilla/5.0 (iPhone; CPU iPhone OS 15_4_1 like Mac OS X) AppleWebKit/605.1.15 (KHTML, like Gecko) Version/15.4 Mobile/15E148 Safari/604.1"
122.179.156.23 - - [13/Jul/2023:10:38:04 +0000] "GET /landingpage/image/icon%20_arrow%20left_.svg HTTP/1.1" 200 727 "https://www.wdoinstitution.com/" "Mozilla/5.0 (iPhone; CPU iPhone OS 15_4_1 like Mac OS X) AppleWebKit/605.1.15 (KHTML, like Gecko) Version/15.4 Mobile/15E148 Safari/604.1"
122.179.156.23 - - [13/Jul/2023:10:38:04 +0000] "GET /landingpage/image/bank.svg HTTP/1.1" 200 18439 "https://www.wdoinstitution.com/" "Mozilla/5.0 (iPhone; CPU iPhone OS 15_4_1 like Mac OS X) AppleWebKit/605.1.15 (KHTML, like Gecko) Version/15.4 Mobile/15E148 Safari/604.1"
122.179.156.23 - - [13/Jul/2023:10:38:04 +0000] "GET /landingpage/image/icons8-public-50%20(1)%201.svg HTTP/1.1" 200 3055 "https://www.wdoinstitution.com/" "Mozilla/5.0 (iPhone; CPU iPhone OS 15_4_1 like Mac OS X) AppleWebKit/605.1.15 (KHTML, like Gecko) Version/15.4 Mobile/15E148 Safari/604.1"
122.179.156.23 - - [13/Jul/2023:10:38:04 +0000] "GET /landingpage/image/icons8-open-box-80%201-svg%201.svg HTTP/1.1" 200 1231 "https://www.wdoinstitution.com/" "Mozilla/5.0 (iPhone; CPU iPhone OS 15_4_1 like Mac OS X) AppleWebKit/605.1.15 (KHTML, like Gecko) Version/15.4 Mobile/15E148 Safari/604.1"
122.179.156.23 - - [13/Jul/2023:10:38:05 +0000] "GET /landingpage/image/icons8-people-50%20(1)%201.svg HTTP/1.1" 200 2483 "https://www.wdoinstitution.com/" "Mozilla/5.0 (iPhone; CPU iPhone OS 15_4_1 like Mac OS X) AppleWebKit/605.1.15 (KHTML, like Gecko) Version/15.4 Mobile/15E148 Safari/604.1"
122.179.156.23 - - [13/Jul/2023:10:38:05 +0000] "GET /landingpage/image/055-contract-11%20(1).png HTTP/1.1" 200 6296 "https://www.wdoinstitution.com/" "Mozilla/5.0 (iPhone; CPU iPhone OS 15_4_1 like Mac OS X) AppleWebKit/605.1.15 (KHTML, like Gecko) Version/15.4 Mobile/15E148 Safari/604.1"
122.179.156.23 - - [13/Jul/2023:10:38:04 +0000] "GET /landingpage/image/wdo-logo01.png HTTP/1.1" 200 1041309 "https://www.wdoinstitution.com/" "Mozilla/5.0 (iPhone; CPU iPhone OS 15_4_1 like Mac OS X) AppleWebKit/605.1.15 (KHTML, like Gecko) Version/15.4 Mobile/15E148 Safari/604.1"
122.179.156.23 - - [13/Jul/2023:10:38:05 +0000] "GET /landingpage/image/015-answer%20(1).png HTTP/1.1" 200 4862 "https://www.wdoinstitution.com/" "Mozilla/5.0 (iPhone; CPU iPhone OS 15_4_1 like Mac OS X) AppleWebKit/605.1.15 (KHTML, like Gecko) Version/15.4 Mobile/15E148 Safari/604.1"
122.179.156.23 - - [13/Jul/2023:10:38:05 +0000] "GET /landingpage/image/034-ebook%20(1).png HTTP/1.1" 200 3454 "https://www.wdoinstitution.com/" "Mozilla/5.0 (iPhone; CPU iPhone OS 15_4_1 like Mac OS X) AppleWebKit/605.1.15 (KHTML, like Gecko) Version/15.4 Mobile/15E148 Safari/604.1"
122.179.156.23 - - [13/Jul/2023:10:38:05 +0000] "GET /landingpage/image/n-1.jpg.svg HTTP/1.1" 200 95237 "https://www.wdoinstitution.com/" "Mozilla/5.0 (iPhone; CPU iPhone OS 15_4_1 like Mac OS X) AppleWebKit/605.1.15 (KHTML, like Gecko) Version/15.4 Mobile/15E148 Safari/604.1"
122.179.156.23 - - [13/Jul/2023:10:38:05 +0000] "GET /landingpage/image/ns-1.jpg.svg HTTP/1.1" 200 35843 "https://www.wdoinstitution.com/" "Mozilla/5.0 (iPhone; CPU iPhone OS 15_4_1 like Mac OS X) AppleWebKit/605.1.15 (KHTML, like Gecko) Version/15.4 Mobile/15E148 Safari/604.1"
122.179.156.23 - - [13/Jul/2023:10:38:05 +0000] "GET /landingpage/image/ns-2.jpg.svg HTTP/1.1" 200 15495 "https://www.wdoinstitution.com/" "Mozilla/5.0 (iPhone; CPU iPhone OS 15_4_1 like Mac OS X) AppleWebKit/605.1.15 (KHTML, like Gecko) Version/15.4 Mobile/15E148 Safari/604.1"
122.179.156.23 - - [13/Jul/2023:10:38:05 +0000] "GET /landingpage/image/ns-3.jpg.svg HTTP/1.1" 200 17297 "https://www.wdoinstitution.com/" "Mozilla/5.0 (iPhone; CPU iPhone OS 15_4_1 like Mac OS X) AppleWebKit/605.1.15 (KHTML, like Gecko) Version/15.4 Mobile/15E148 Safari/604.1"
51.81.167.146 - - [13/Jul/2023:10:38:05 +0000] "GET / HTTP/1.1" 200 81718 "-" "Mozilla/5.0 (iPhone; CPU iPhone OS 15_1_1 like Mac OS X) AppleWebKit/605.1.15 (KHTML, like Gecko) Version/15.1 Mobile/15E148 Safari/604.1"
122.179.156.23 - - [13/Jul/2023:10:38:07 +0000] "GET /landingpage/image/shape.svg HTTP/1.1" 200 33473 "https://www.wdoinstitution.com/" "Mozilla/5.0 (iPhone; CPU iPhone OS 15_4_1 like Mac OS X) AppleWebKit/605.1.15 (KHTML, like Gecko) Version/15.4 Mobile/15E148 Safari/604.1"
122.179.156.23 - - [13/Jul/2023:10:38:07 +0000] "GET /landingpage/image/edu-bg.png HTTP/1.1" 200 1732987 "https://www.wdoinstitution.com/" "Mozilla/5.0 (iPhone; CPU iPhone OS 15_4_1 like Mac OS X) AppleWebKit/605.1.15 (KHTML, like Gecko) Version/15.4 Mobile/15E148 Safari/604.1"
122.179.156.23 - - [13/Jul/2023:10:38:07 +0000] "GET /landingpage/image/div.overlay%2001.png HTTP/1.1" 200 507730 "https://www.wdoinstitution.com/" "Mozilla/5.0 (iPhone; CPU iPhone OS 15_4_1 like Mac OS X) AppleWebKit/605.1.15 (KHTML, like Gecko) Version/15.4 Mobile/15E148 Safari/604.1"
171.67.70.229 - - [13/Jul/2023:10:38:08 +0000] "GET / HTTP/1.1" 200 15694 "-" "Mozilla/5.0 zgrab/0.x"
122.179.156.23 - - [13/Jul/2023:10:38:08 +0000] "GET /favicon.ico HTTP/1.1" 200 5520 "https://www.wdoinstitution.com/" "Mozilla/5.0 (iPhone; CPU iPhone OS 15_4_1 like Mac OS X) AppleWebKit/605.1.15 (KHTML, like Gecko) Version/15.4 Mobile/15E148 Safari/604.1"
171.67.70.229 - - [13/Jul/2023:10:38:08 +0000] "GET / HTTP/1.1" 200 15695 "-" "Mozilla/5.0 zgrab/0.x"
171.67.70.229 - - [13/Jul/2023:10:38:29 +0000] "GET / HTTP/1.1" 200 15694 "-" "Mozilla/5.0 zgrab/0.x"
171.67.70.229 - - [13/Jul/2023:10:38:29 +0000] "GET / HTTP/1.1" 200 15695 "-" "Mozilla/5.0 zgrab/0.x"
171.67.70.229 - - [13/Jul/2023:10:38:44 +0000] "GET / HTTP/1.1" 200 15694 "-" "Mozilla/5.0 zgrab/0.x"
171.67.70.229 - - [13/Jul/2023:10:38:44 +0000] "GET / HTTP/1.1" 200 15695 "-" "Mozilla/5.0 zgrab/0.x"
122.179.156.23 - - [13/Jul/2023:10:40:15 +0000] "GET / HTTP/1.1" 200 11802 "-" "Mozilla/5.0 (Macintosh; Intel Mac OS X 10_15_7) AppleWebKit/537.36 (KHTML, like Gecko) Chrome/114.0.0.0 Safari/537.36"
122.179.156.23 - - [13/Jul/2023:10:40:24 +0000] "GET / HTTP/1.1" 200 16396 "-" "Mozilla/5.0 (Macintosh; Intel Mac OS X 10_15_7) AppleWebKit/537.36 (KHTML, like Gecko) Chrome/114.0.0.0 Safari/537.36"
122.179.156.23 - - [13/Jul/2023:10:40:24 +0000] "GET /landingpage/style.css HTTP/1.1" 200 4555 "https://wdoinstitution.com/" "Mozilla/5.0 (Macintosh; Intel Mac OS X 10_15_7) AppleWebKit/537.36 (KHTML, like Gecko) Chrome/114.0.0.0 Safari/537.36"
122.179.156.23 - - [13/Jul/2023:10:40:25 +0000] "GET /landingpage/image/wdo-logo01.png HTTP/1.1" 304 204 "https://wdoinstitution.com/" "Mozilla/5.0 (Macintosh; Intel Mac OS X 10_15_7) AppleWebKit/537.36 (KHTML, like Gecko) Chrome/114.0.0.0 Safari/537.36"
122.179.156.23 - - [13/Jul/2023:10:40:27 +0000] "GET / HTTP/1.1" 200 11225 "-" "Mozilla/5.0 (Macintosh; Intel Mac OS X 10_15_7) AppleWebKit/537.36 (KHTML, like Gecko) Chrome/114.0.0.0 Safari/537.36"
122.179.156.23 - - [13/Jul/2023:10:40:28 +0000] "GET / HTTP/1.1" 200 11225 "-" "Mozilla/5.0 (Macintosh; Intel Mac OS X 10_15_7) AppleWebKit/537.36 (KHTML, like Gecko) Chrome/114.0.0.0 Safari/537.36"
122.179.156.23 - - [13/Jul/2023:10:40:28 +0000] "GET /landingpage/style.css HTTP/1.1" 200 4555 "https://wdoinstitution.com/" "Mozilla/5.0 (Macintosh; Intel Mac OS X 10_15_7) AppleWebKit/537.36 (KHTML, like Gecko) Chrome/114.0.0.0 Safari/537.36"
122.179.156.23 - - [13/Jul/2023:10:40:29 +0000] "GET /landingpage/image/user%20(1)%20(1)%201.svg HTTP/1.1" 200 30559 "https://wdoinstitution.com/" "Mozilla/5.0 (Macintosh; Intel Mac OS X 10_15_7) AppleWebKit/537.36 (KHTML, like Gecko) Chrome/114.0.0.0 Safari/537.36"
122.179.156.23 - - [13/Jul/2023:10:40:29 +0000] "GET /landingpage/image/icon%20_arrow%20left_.svg HTTP/1.1" 200 1287 "https://wdoinstitution.com/" "Mozilla/5.0 (Macintosh; Intel Mac OS X 10_15_7) AppleWebKit/537.36 (KHTML, like Gecko) Chrome/114.0.0.0 Safari/537.36"
122.179.156.23 - - [13/Jul/2023:10:40:29 +0000] "GET /landingpage/image/bank.svg HTTP/1.1" 200 18999 "https://wdoinstitution.com/" "Mozilla/5.0 (Macintosh; Intel Mac OS X 10_15_7) AppleWebKit/537.36 (KHTML, like Gecko) Chrome/114.0.0.0 Safari/537.36"
122.179.156.23 - - [13/Jul/2023:10:40:29 +0000] "GET /landingpage/image/icons8-public-50%20(1)%201.svg HTTP/1.1" 200 8226 "https://wdoinstitution.com/" "Mozilla/5.0 (Macintosh; Intel Mac OS X 10_15_7) AppleWebKit/537.36 (KHTML, like Gecko) Chrome/114.0.0.0 Safari/537.36"
122.179.156.23 - - [13/Jul/2023:10:40:29 +0000] "GET /landingpage/image/icons8-open-box-80%201-svg%201.svg HTTP/1.1" 200 1231 "https://wdoinstitution.com/" "Mozilla/5.0 (Macintosh; Intel Mac OS X 10_15_7) AppleWebKit/537.36 (KHTML, like Gecko) Chrome/114.0.0.0 Safari/537.36"
122.179.156.23 - - [13/Jul/2023:10:40:29 +0000] "GET /landingpage/image/055-contract-11%20(1).png HTTP/1.1" 200 6296 "https://wdoinstitution.com/" "Mozilla/5.0 (Macintosh; Intel Mac OS X 10_15_7) AppleWebKit/537.36 (KHTML, like Gecko) Chrome/114.0.0.0 Safari/537.36"
122.179.156.23 - - [13/Jul/2023:10:40:29 +0000] "GET /landingpage/image/icons8-people-50%20(1)%201.svg HTTP/1.1" 200 2483 "https://wdoinstitution.com/" "Mozilla/5.0 (Macintosh; Intel Mac OS X 10_15_7) AppleWebKit/537.36 (KHTML, like Gecko) Chrome/114.0.0.0 Safari/537.36"
122.179.156.23 - - [13/Jul/2023:10:40:29 +0000] "GET /landingpage/image/015-answer%20(1).png HTTP/1.1" 200 4862 "https://wdoinstitution.com/" "Mozilla/5.0 (Macintosh; Intel Mac OS X 10_15_7) AppleWebKit/537.36 (KHTML, like Gecko) Chrome/114.0.0.0 Safari/537.36"
122.179.156.23 - - [13/Jul/2023:10:40:29 +0000] "GET /landingpage/image/034-ebook%20(1).png HTTP/1.1" 200 3454 "https://wdoinstitution.com/" "Mozilla/5.0 (Macintosh; Intel Mac OS X 10_15_7) AppleWebKit/537.36 (KHTML, like Gecko) Chrome/114.0.0.0 Safari/537.36"
205.169.39.249 - - [13/Jul/2023:10:40:29 +0000] "GET / HTTP/1.1" 301 595 "-" "Mozilla/5.0 (Windows NT 6.1; Win64; x64) AppleWebKit/537.36 (KHTML, like Gecko) Chrome/83.0.4103.61 Safari/537.36"
122.179.156.23 - - [13/Jul/2023:10:40:29 +0000] "GET /landingpage/image/n-1.jpg.svg HTTP/1.1" 200 95237 "https://wdoinstitution.com/" "Mozilla/5.0 (Macintosh; Intel Mac OS X 10_15_7) AppleWebKit/537.36 (KHTML, like Gecko) Chrome/114.0.0.0 Safari/537.36"
122.179.156.23 - - [13/Jul/2023:10:40:29 +0000] "GET /landingpage/image/wdo-logo01.png HTTP/1.1" 200 1036106 "https://wdoinstitution.com/" "Mozilla/5.0 (Macintosh; Intel Mac OS X 10_15_7) AppleWebKit/537.36 (KHTML, like Gecko) Chrome/114.0.0.0 Safari/537.36"
122.179.156.23 - - [13/Jul/2023:10:40:29 +0000] "GET /landingpage/image/ns-1.jpg.svg HTTP/1.1" 200 35843 "https://wdoinstitution.com/" "Mozilla/5.0 (Macintosh; Intel Mac OS X 10_15_7) AppleWebKit/537.36 (KHTML, like Gecko) Chrome/114.0.0.0 Safari/537.36"
122.179.156.23 - - [13/Jul/2023:10:40:29 +0000] "GET /landingpage/image/ns-2.jpg.svg HTTP/1.1" 200 15495 "https://wdoinstitution.com/" "Mozilla/5.0 (Macintosh; Intel Mac OS X 10_15_7) AppleWebKit/537.36 (KHTML, like Gecko) Chrome/114.0.0.0 Safari/537.36"
122.179.156.23 - - [13/Jul/2023:10:40:29 +0000] "GET /landingpage/image/ns-3.jpg.svg HTTP/1.1" 200 17857 "https://wdoinstitution.com/" "Mozilla/5.0 (Macintosh; Intel Mac OS X 10_15_7) AppleWebKit/537.36 (KHTML, like Gecko) Chrome/114.0.0.0 Safari/537.36"
122.179.156.23 - - [13/Jul/2023:10:40:30 +0000] "GET /landingpage/image/shape.svg HTTP/1.1" 200 33473 "https://wdoinstitution.com/" "Mozilla/5.0 (Macintosh; Intel Mac OS X 10_15_7) AppleWebKit/537.36 (KHTML, like Gecko) Chrome/114.0.0.0 Safari/537.36"
122.179.156.23 - - [13/Jul/2023:10:40:30 +0000] "GET /landingpage/image/div.overlay%2001.png HTTP/1.1" 200 507730 "https://wdoinstitution.com/" "Mozilla/5.0 (Macintosh; Intel Mac OS X 10_15_7) AppleWebKit/537.36 (KHTML, like Gecko) Chrome/114.0.0.0 Safari/537.36"
122.179.156.23 - - [13/Jul/2023:10:40:30 +0000] "GET /landingpage/image/edu-bg.png HTTP/1.1" 200 1732987 "https://wdoinstitution.com/landingpage/style.css" "Mozilla/5.0 (Macintosh; Intel Mac OS X 10_15_7) AppleWebKit/537.36 (KHTML, like Gecko) Chrome/114.0.0.0 Safari/537.36"
205.169.39.249 - - [13/Jul/2023:10:40:33 +0000] "GET / HTTP/1.1" 200 16431 "-" "Mozilla/5.0 (Windows NT 6.1; Win64; x64) AppleWebKit/537.36 (KHTML, like Gecko) Chrome/83.0.4103.61 Safari/537.36"
205.169.39.241 - - [13/Jul/2023:10:40:37 +0000] "GET / HTTP/1.1" 301 583 "-" "Mozilla/5.0 (Windows NT 6.1; Win64; x64) AppleWebKit/537.36 (KHTML, like Gecko) Chrome/83.0.4103.61 Safari/537.36"
205.169.39.241 - - [13/Jul/2023:10:40:38 +0000] "GET / HTTP/1.1" 200 16430 "-" "Mozilla/5.0 (Windows NT 6.1; Win64; x64) AppleWebKit/537.36 (KHTML, like Gecko) Chrome/83.0.4103.61 Safari/537.36"
205.169.39.249 - - [13/Jul/2023:10:40:41 +0000] "GET / HTTP/1.1" 301 595 "-" "Mozilla/5.0 (Windows NT 10.0; Win64; x64) AppleWebKit/537.36 (KHTML, like Gecko) Chrome/79.0.3945.79 Safari/537.36"
205.169.39.249 - - [13/Jul/2023:10:40:43 +0000] "GET / HTTP/1.1" 200 16429 "-" "Mozilla/5.0 (Windows NT 10.0; Win64; x64) AppleWebKit/537.36 (KHTML, like Gecko) Chrome/79.0.3945.79 Safari/537.36"
205.169.39.249 - - [13/Jul/2023:10:40:44 +0000] "GET /landingpage/style.css HTTP/1.1" 200 4555 "https://www.wdoinstitution.com/" "Mozilla/5.0 (Windows NT 10.0; Win64; x64) AppleWebKit/537.36 (KHTML, like Gecko) Chrome/79.0.3945.79 Safari/537.36"
205.169.39.249 - - [13/Jul/2023:10:40:44 +0000] "GET /landingpage/image/user%20(1)%20(1)%201.svg HTTP/1.1" 200 30575 "https://www.wdoinstitution.com/" "Mozilla/5.0 (Windows NT 10.0; Win64; x64) AppleWebKit/537.36 (KHTML, like Gecko) Chrome/79.0.3945.79 Safari/537.36"
205.169.39.249 - - [13/Jul/2023:10:40:45 +0000] "GET /landingpage/image/icon%20_arrow%20left_.svg HTTP/1.1" 200 1303 "https://www.wdoinstitution.com/" "Mozilla/5.0 (Windows NT 10.0; Win64; x64) AppleWebKit/537.36 (KHTML, like Gecko) Chrome/79.0.3945.79 Safari/537.36"
205.169.39.249 - - [13/Jul/2023:10:40:45 +0000] "GET /landingpage/image/icons8-public-50%20(1)%201.svg HTTP/1.1" 200 8258 "https://www.wdoinstitution.com/" "Mozilla/5.0 (Windows NT 10.0; Win64; x64) AppleWebKit/537.36 (KHTML, like Gecko) Chrome/79.0.3945.79 Safari/537.36"
205.169.39.249 - - [13/Jul/2023:10:40:45 +0000] "GET /landingpage/image/bank.svg HTTP/1.1" 200 23642 "https://www.wdoinstitution.com/" "Mozilla/5.0 (Windows NT 10.0; Win64; x64) AppleWebKit/537.36 (KHTML, like Gecko) Chrome/79.0.3945.79 Safari/537.36"
205.169.39.249 - - [13/Jul/2023:10:40:47 +0000] "GET /landingpage/image/055-contract-11%20(1).png HTTP/1.1" 200 6296 "https://www.wdoinstitution.com/" "Mozilla/5.0 (Windows NT 10.0; Win64; x64) AppleWebKit/537.36 (KHTML, like Gecko) Chrome/79.0.3945.79 Safari/537.36"
205.169.39.249 - - [13/Jul/2023:10:40:47 +0000] "GET /landingpage/image/icons8-open-box-80%201-svg%201.svg HTTP/1.1" 200 6434 "https://www.wdoinstitution.com/" "Mozilla/5.0 (Windows NT 10.0; Win64; x64) AppleWebKit/537.36 (KHTML, like Gecko) Chrome/79.0.3945.79 Safari/537.36"
205.169.39.249 - - [13/Jul/2023:10:40:47 +0000] "GET /landingpage/image/034-ebook%20(1).png HTTP/1.1" 200 3454 "https://www.wdoinstitution.com/" "Mozilla/5.0 (Windows NT 10.0; Win64; x64) AppleWebKit/537.36 (KHTML, like Gecko) Chrome/79.0.3945.79 Safari/537.36"
205.169.39.249 - - [13/Jul/2023:10:40:48 +0000] "GET /landingpage/image/ns-2.jpg.svg HTTP/1.1" 200 15495 "https://www.wdoinstitution.com/" "Mozilla/5.0 (Windows NT 10.0; Win64; x64) AppleWebKit/537.36 (KHTML, like Gecko) Chrome/79.0.3945.79 Safari/537.36"
205.169.39.249 - - [13/Jul/2023:10:40:48 +0000] "GET /landingpage/image/ns-1.jpg.svg HTTP/1.1" 200 35843 "https://www.wdoinstitution.com/" "Mozilla/5.0 (Windows NT 10.0; Win64; x64) AppleWebKit/537.36 (KHTML, like Gecko) Chrome/79.0.3945.79 Safari/537.36"
205.169.39.249 - - [13/Jul/2023:10:40:48 +0000] "GET /landingpage/image/015-answer%20(1).png HTTP/1.1" 200 4862 "https://www.wdoinstitution.com/" "Mozilla/5.0 (Windows NT 10.0; Win64; x64) AppleWebKit/537.36 (KHTML, like Gecko) Chrome/79.0.3945.79 Safari/537.36"
205.169.39.249 - - [13/Jul/2023:10:40:48 +0000] "GET /landingpage/image/ns-3.jpg.svg HTTP/1.1" 200 17297 "https://www.wdoinstitution.com/" "Mozilla/5.0 (Windows NT 10.0; Win64; x64) AppleWebKit/537.36 (KHTML, like Gecko) Chrome/79.0.3945.79 Safari/537.36"
205.169.39.249 - - [13/Jul/2023:10:40:48 +0000] "GET /landingpage/image/n-1.jpg.svg HTTP/1.1" 200 95237 "https://www.wdoinstitution.com/" "Mozilla/5.0 (Windows NT 10.0; Win64; x64) AppleWebKit/537.36 (KHTML, like Gecko) Chrome/79.0.3945.79 Safari/537.36"
205.169.39.249 - - [13/Jul/2023:10:40:48 +0000] "GET /landingpage/image/icons8-people-50%20(1)%201.svg HTTP/1.1" 200 2483 "https://www.wdoinstitution.com/" "Mozilla/5.0 (Windows NT 10.0; Win64; x64) AppleWebKit/537.36 (KHTML, like Gecko) Chrome/79.0.3945.79 Safari/537.36"
205.169.39.249 - - [13/Jul/2023:10:40:52 +0000] "GET /landingpage/image/shape.svg HTTP/1.1" 200 33473 "https://www.wdoinstitution.com/" "Mozilla/5.0 (Windows NT 10.0; Win64; x64) AppleWebKit/537.36 (KHTML, like Gecko) Chrome/79.0.3945.79 Safari/537.36"
205.169.39.249 - - [13/Jul/2023:10:40:44 +0000] "GET /landingpage/image/wdo-logo01.png HTTP/1.1" 200 1036106 "https://www.wdoinstitution.com/" "Mozilla/5.0 (Windows NT 10.0; Win64; x64) AppleWebKit/537.36 (KHTML, like Gecko) Chrome/79.0.3945.79 Safari/537.36"
205.169.39.241 - - [13/Jul/2023:10:40:57 +0000] "GET / HTTP/1.1" 301 583 "-" "Mozilla/5.0 (Windows NT 10.0; Win64; x64) AppleWebKit/537.36 (KHTML, like Gecko) Chrome/79.0.3945.79 Safari/537.36"
205.169.39.241 - - [13/Jul/2023:10:40:59 +0000] "GET / HTTP/1.1" 200 16396 "-" "Mozilla/5.0 (Windows NT 10.0; Win64; x64) AppleWebKit/537.36 (KHTML, like Gecko) Chrome/79.0.3945.79 Safari/537.36"
205.169.39.241 - - [13/Jul/2023:10:40:59 +0000] "GET /landingpage/style.css HTTP/1.1" 200 4555 "https://wdoinstitution.com/" "Mozilla/5.0 (Windows NT 10.0; Win64; x64) AppleWebKit/537.36 (KHTML, like Gecko) Chrome/79.0.3945.79 Safari/537.36"
205.169.39.249 - - [13/Jul/2023:10:40:52 +0000] "GET /landingpage/image/div.overlay%2001.png HTTP/1.1" 200 507730 "https://www.wdoinstitution.com/" "Mozilla/5.0 (Windows NT 10.0; Win64; x64) AppleWebKit/537.36 (KHTML, like Gecko) Chrome/79.0.3945.79 Safari/537.36"
205.169.39.241 - - [13/Jul/2023:10:41:00 +0000] "GET /landingpage/image/icon%20_arrow%20left_.svg HTTP/1.1" 200 1287 "https://wdoinstitution.com/" "Mozilla/5.0 (Windows NT 10.0; Win64; x64) AppleWebKit/537.36 (KHTML, like Gecko) Chrome/79.0.3945.79 Safari/537.36"
205.169.39.241 - - [13/Jul/2023:10:41:00 +0000] "GET /landingpage/image/bank.svg HTTP/1.1" 200 18999 "https://wdoinstitution.com/" "Mozilla/5.0 (Windows NT 10.0; Win64; x64) AppleWebKit/537.36 (KHTML, like Gecko) Chrome/79.0.3945.79 Safari/537.36"
205.169.39.241 - - [13/Jul/2023:10:41:00 +0000] "GET /landingpage/image/icons8-public-50%20(1)%201.svg HTTP/1.1" 200 8226 "https://wdoinstitution.com/" "Mozilla/5.0 (Windows NT 10.0; Win64; x64) AppleWebKit/537.36 (KHTML, like Gecko) Chrome/79.0.3945.79 Safari/537.36"
205.169.39.241 - - [13/Jul/2023:10:41:00 +0000] "GET /landingpage/image/icons8-open-box-80%201-svg%201.svg HTTP/1.1" 200 1231 "https://wdoinstitution.com/" "Mozilla/5.0 (Windows NT 10.0; Win64; x64) AppleWebKit/537.36 (KHTML, like Gecko) Chrome/79.0.3945.79 Safari/537.36"
205.169.39.241 - - [13/Jul/2023:10:41:00 +0000] "GET /landingpage/image/icons8-people-50%20(1)%201.svg HTTP/1.1" 200 2483 "https://wdoinstitution.com/" "Mozilla/5.0 (Windows NT 10.0; Win64; x64) AppleWebKit/537.36 (KHTML, like Gecko) Chrome/79.0.3945.79 Safari/537.36"
205.169.39.241 - - [13/Jul/2023:10:41:00 +0000] "GET /landingpage/image/055-contract-11%20(1).png HTTP/1.1" 200 6296 "https://wdoinstitution.com/" "Mozilla/5.0 (Windows NT 10.0; Win64; x64) AppleWebKit/537.36 (KHTML, like Gecko) Chrome/79.0.3945.79 Safari/537.36"
205.169.39.241 - - [13/Jul/2023:10:41:00 +0000] "GET /landingpage/image/015-answer%20(1).png HTTP/1.1" 200 4862 "https://wdoinstitution.com/" "Mozilla/5.0 (Windows NT 10.0; Win64; x64) AppleWebKit/537.36 (KHTML, like Gecko) Chrome/79.0.3945.79 Safari/537.36"
205.169.39.241 - - [13/Jul/2023:10:41:01 +0000] "GET /landingpage/image/034-ebook%20(1).png HTTP/1.1" 200 3454 "https://wdoinstitution.com/" "Mozilla/5.0 (Windows NT 10.0; Win64; x64) AppleWebKit/537.36 (KHTML, like Gecko) Chrome/79.0.3945.79 Safari/537.36"
205.169.39.241 - - [13/Jul/2023:10:41:01 +0000] "GET /landingpage/image/ns-1.jpg.svg HTTP/1.1" 200 35843 "https://wdoinstitution.com/" "Mozilla/5.0 (Windows NT 10.0; Win64; x64) AppleWebKit/537.36 (KHTML, like Gecko) Chrome/79.0.3945.79 Safari/537.36"
205.169.39.241 - - [13/Jul/2023:10:41:01 +0000] "GET /landingpage/image/ns-2.jpg.svg HTTP/1.1" 200 15495 "https://wdoinstitution.com/" "Mozilla/5.0 (Windows NT 10.0; Win64; x64) AppleWebKit/537.36 (KHTML, like Gecko) Chrome/79.0.3945.79 Safari/537.36"
205.169.39.241 - - [13/Jul/2023:10:41:01 +0000] "GET /landingpage/image/ns-3.jpg.svg HTTP/1.1" 200 17857 "https://wdoinstitution.com/" "Mozilla/5.0 (Windows NT 10.0; Win64; x64) AppleWebKit/537.36 (KHTML, like Gecko) Chrome/79.0.3945.79 Safari/537.36"
205.169.39.241 - - [13/Jul/2023:10:41:01 +0000] "GET /landingpage/image/n-1.jpg.svg HTTP/1.1" 200 95237 "https://wdoinstitution.com/" "Mozilla/5.0 (Windows NT 10.0; Win64; x64) AppleWebKit/537.36 (KHTML, like Gecko) Chrome/79.0.3945.79 Safari/537.36"
45.134.212.70 - - [13/Jul/2023:10:41:01 +0000] "GET / HTTP/1.1" 200 16396 "-" "Mozilla/5.0 (Windows NT 10.0; Win64; x64) AppleWebKit/537.36 (KHTML, like Gecko) Chrome/110.0.0.0 Safari/537.36"
